################################################################################
#                                                                              #
#      IAR Universal Linker V6.5.4.100                                         #
#                                                                              #
#           Link time     =  19/Mar/2021  21:44:01                             #
#           Target CPU    =  MSP430                                            #
#           List file     =  "D:\Usuário\Area De Trabalho\CEFETMG\JK\Quarto BI #
#                            MESTER\Trabalho Final - Ana C - Gustavo G - Mateu #
#                            s G\Debug\List\trabalho_final.map"                #
#           Output file 1 =  "D:\Usuário\Area De Trabalho\CEFETMG\JK\Quarto BI #
#                            MESTER\Trabalho Final - Ana C - Gustavo G - Mateu #
#                            s G\Debug\Exe\trabalho_final.elf"                 #
#                            Format: elf                                       #
#           Output file 2 =  "D:\Usuário\Area De Trabalho\CEFETMG\JK\Quarto BI #
#                            MESTER\Trabalho Final - Ana C - Gustavo G - Mateu #
#                            s G\Debug\Exe\trabalho_final.d43"                 #
#                            Format: ubrof10                                   #
#                            UBROF version 10.0.6                              #
#                            Using library modules for C-SPY (-rt)             #
#           Command line  =  -f C:\Users\mateu\AppData\Local\Temp\EW6292.tmp   #
#                            ("D:\Usuário\Area De Trabalho\CEFETMG\JK\Quarto B #
#                            IMESTER\Trabalho Final - Ana C - Gustavo G - Mate #
#                            us G\Debug\Obj\BIBLIOTECA_LCM.r43"                #
#                            "D:\Usuário\Area De Trabalho\CEFETMG\JK\Quarto BI #
#                            MESTER\Trabalho Final - Ana C - Gustavo G - Mateu #
#                            s G\Debug\Obj\BIBLIOTECA_TECLADO.r43"             #
#                            "D:\Usuário\Area De Trabalho\CEFETMG\JK\Quarto BI #
#                            MESTER\Trabalho Final - Ana C - Gustavo G - Mateu #
#                            s G\Debug\Obj\main.r43"                           #
#                            -o                                                #
#                            "D:\Usuário\Area De Trabalho\CEFETMG\JK\Quarto BI #
#                            MESTER\Trabalho Final - Ana C - Gustavo G - Mateu #
#                            s G\Debug\Exe\trabalho_final.d43"                 #
#                            -l                                                #
#                            "D:\Usuário\Area De Trabalho\CEFETMG\JK\Quarto BI #
#                            MESTER\Trabalho Final - Ana C - Gustavo G - Mateu #
#                            s G\Debug\List\trabalho_final.map"                #
#                            -xms                                              #
#                            "-IC:\Program Files (x86)\IAR Systems\Embedded Wo #
#                            rkbench 8.4\430\LIB\"                             #
#                            -f                                                #
#                            "C:\Program Files (x86)\IAR Systems\Embedded Work #
#                            bench 8.4\430\config\linker\lnk430f1121.xcl"      #
#                            (-cmsp430 -QCODE_I=CODE_ID -QTLS16_I=TLS16_ID     #
#                            -Z(CONST)INFO=1000-10FF                           #
#                            -Z(CONST)INFOA=1080-10FF                          #
#                            -Z(CONST)INFOB=1000-107F                          #
#                            -Z(DATA)DATA16_I,DATA16_Z,DATA16_N,TLS16_I=0200-0 #
#                            2FF                                               #
#                            -Z(DATA)DATA16_HEAP+_DATA16_HEAP_SIZE             #
#                            -Z(DATA)CODE_I -Z(DATA)CSTACK+_STACK_SIZE#        #
#                            -Z(CONST)DATA16_C,DATA16_ID,TLS16_ID,DIFUNCT,CHEC #
#                            KSUM=F000-FFDF                                    #
#                            -Z(CODE)CSTART,ISR_CODE,CODE_ID=F000-FFDF         #
#                            -P(CODE)CODE=F000-FFDF -Z(CODE)INTVEC=FFE0-FFFF   #
#                            -Z(CODE)RESET=FFFE-FFFF) -D_STACK_SIZE=50 -rt     #
#                            "C:\Program Files (x86)\IAR Systems\Embedded Work #
#                            bench 8.4\430\lib\dlib\dl430fn.r43"               #
#                            -e_PrintfLarge=_Printf -e_ScanfLarge=_Scanf       #
#                            -D_DATA16_HEAP_SIZE=50                            #
#                            "-Oelf=D:\Usuário\Area De Trabalho\CEFETMG\JK\Qua #
#                            rto BIMESTER\Trabalho Final - Ana C - Gustavo G - #
#                             Mateus G\Debug\Exe\trabalho_final.elf"           #
#                            -s __program_start -D_DATA20_HEAP_SIZE=50)        #
#                                                                              #
#                           Copyright (C) 1987-2018 IAR Systems AB.            #
################################################################################





                ****************************************
                *                                      *
                *           CROSS REFERENCE            *
                *                                      *
                ****************************************

       Program entry at :           F034  Relocatable, from module : ?cstart




                ****************************************
                *                                      *
                *            RUNTIME MODEL             *
                *                                      *
                ****************************************

  __Heap_Handler             = Basic
  __SystemLibrary            = DLib
  __core                     = 430
  __dlib_file_descriptor     = 0
  __dlib_full_locale_support = 0
  __double_size              = 32
  __pic                      = no
  __reg_r4                   = free
  __reg_r5                   = free
  __rt_version               = 3

                ****************************************
                *                                      *
                *    AUTOMATIC SYMBOL REDIRECTIONS     *
                *                                      *
                ****************************************

                  There are no automatic symbol redirections.



                ****************************************
                *                                      *
                *              MODULE MAP              *
                *                                      *
                ****************************************


  DEFINED ABSOLUTE ENTRIES
    *************************************************************************

  DEFINED ABSOLUTE ENTRIES
  PROGRAM MODULE, NAME : ?ABS_ENTRY_MOD

Absolute parts
           ENTRY                   ADDRESS         REF BY
           =====                   =======         ======
           _DATA20_HEAP_SIZE       0050 
           _DATA16_HEAP_SIZE       0050 
           _STACK_SIZE             0050 
    *************************************************************************

  FILE NAME : D:\Usuário\Area De Trabalho\CEFETMG\JK\Quarto BIMESTER\Trabalho Final - Ana C - Gustavo G - Mateus G\Debug\Obj\BIBLIOTECA_LCM.r43
  PROGRAM MODULE, NAME : BIBLIOTECA_LCM

  SEGMENTS IN THE MODULE
  ======================
DATA16_AN
  Relative segment, address: 0021 - 0021 (0x1 bytes), align: 0
  Segment part 1. ROOT        Intra module refs:   EnviaDado
                                                   FctTCL (BIBLIOTECA_TECLADO)
                                                   ImprimeString
                                                   configuraLCM
                                                   enviaComando
                                                   programaLCM
           ENTRY                   ADDRESS         REF BY
           =====                   =======         ======
           _A_P1OUT                0021 
           LOCAL                   ADDRESS         
           =====                   =======         
           P1OUT                   0021 
           P1OUT_bit               0021 
    -------------------------------------------------------------------------
DATA16_AN
  Relative segment, address: 0022 - 0022 (0x1 bytes), align: 0
  Segment part 2. ROOT        Intra module refs:   configuraLCM
           ENTRY                   ADDRESS         REF BY
           =====                   =======         ======
           _A_P1DIR                0022 
           LOCAL                   ADDRESS         
           =====                   =======         
           P1DIR                   0022 
           P1DIR_bit               0022 
    -------------------------------------------------------------------------
DATA16_AN
  Relative segment, address: 0029 - 0029 (0x1 bytes), align: 0
  Segment part 3. ROOT        Intra module refs:   EnviaDado
                                                   FctTCL (BIBLIOTECA_TECLADO)
                                                   ImprimeString
                                                   configuraLCM
                                                   enviaComando
                                                   main (main)
                                                   programaLCM
           ENTRY                   ADDRESS         REF BY
           =====                   =======         ======
           _A_P2OUT                0029 
           LOCAL                   ADDRESS         
           =====                   =======         
           P2OUT                   0029 
           P2OUT_bit               0029 
    -------------------------------------------------------------------------
DATA16_AN
  Relative segment, address: 002A - 002A (0x1 bytes), align: 0
  Segment part 4. ROOT        Intra module refs:   configuraLCM
                                                   main (main)
           ENTRY                   ADDRESS         REF BY
           =====                   =======         ======
           _A_P2DIR                002A 
           LOCAL                   ADDRESS         
           =====                   =======         
           P2DIR                   002A 
           P2DIR_bit               002A 
    -------------------------------------------------------------------------
<CODE> 1 (was CODE)
  Relative segment, address: FAF4 - FB09 (0x16 bytes), align: 1
  Segment part 6.
           ENTRY                   ADDRESS         REF BY
           =====                   =======         ======
           configuraLCM            FAF4            main (main)
    -------------------------------------------------------------------------
<CODE> 1 (was CODE)
  Relative segment, address: F822 - F825 (0x4 bytes), align: 1
  Segment part 7.             Intra module refs:   PosCursor
                                                   imprimeCampo
                                                   programaLCM
           ENTRY                   ADDRESS         REF BY
           =====                   =======         ======
           enviaComando            F822            ?Subroutine28 (main)
                                                   ?Subroutine29 (main)
                                                   ?Subroutine7 (main)
                                                   SelModo (main)
    -------------------------------------------------------------------------
<CODE> 1 (was CODE)
  Relative segment, address: F826 - F849 (0x24 bytes), align: 1
  Segment part 8.             Intra module refs:   enviaComando
                                                   programaLCM
           LOCAL                   ADDRESS         
           =====                   =======         
           ?Subroutine0            F826 
    -------------------------------------------------------------------------
<CODE> 1 (was CODE)
  Relative segment, address: F84A - F851 (0x8 bytes), align: 1
  Segment part 9.             Intra module refs:   ?Subroutine0
                                                   EnviaDado
    -------------------------------------------------------------------------
<CODE> 1 (was CODE)
  Relative segment, address: F852 - F863 (0x12 bytes), align: 1
  Segment part 10.            Intra module refs:   imprimeCampo
           ENTRY                   ADDRESS         REF BY
           =====                   =======         ======
           EnviaDado               F852            ?Subroutine6 (main)
                                                   ImprimeEstetica (main)
    -------------------------------------------------------------------------
<CODE> 1 (was CODE)
  Relative segment, address: F864 - F881 (0x1e bytes), align: 1
  Segment part 11.
           ENTRY                   ADDRESS         REF BY
           =====                   =======         ======
           programaLCM             F864            main (main)
               calls direct
    -------------------------------------------------------------------------
<CODE> 1 (was CODE)
  Relative segment, address: FB32 - FB3B (0xa bytes), align: 1
  Segment part 14.            Intra module refs:   EnviaDado
                                                   ImprimeString
           LOCAL                   ADDRESS         
           =====                   =======         
           ?Subroutine1            FB32 
    -------------------------------------------------------------------------
<CODE> 1 (was CODE)
  Relative segment, address: FB3C - FB45 (0xa bytes), align: 1
  Segment part 15.            Intra module refs:   ?Subroutine0
                                                   ?Subroutine1
                                                   EnviaDado
           LOCAL                   ADDRESS         
           =====                   =======         
           ?Subroutine2            FB3C 
    -------------------------------------------------------------------------
<CODE> 1 (was CODE)
  Relative segment, address: FC86 - FC89 (0x4 bytes), align: 1
  Segment part 12.
           ENTRY                   ADDRESS         REF BY
           =====                   =======         ======
           PosCursor               FC86            ?Subroutine2 (main)
                                                   ?Subroutine4 (main)
                                                   SelModo (main)
                                                   TrataTecla (main)
               calls direct
    -------------------------------------------------------------------------
<CODE> 1 (was CODE)
  Relative segment, address: F9F0 - FA1D (0x2e bytes), align: 1
  Segment part 13.
           ENTRY                   ADDRESS         REF BY
           =====                   =======         ======
           ImprimeString           F9F0            SelModo (main)
    -------------------------------------------------------------------------
<CODE> 1 (was CODE)
  Relative segment, address: F8E0 - F931 (0x52 bytes), align: 1
  Segment part 16.
           ENTRY                   ADDRESS         REF BY
           =====                   =======         ======
           imprimeCampo            F8E0            ?Subroutine1 (main)
                                                   ?Subroutine23 (main)
               calls direct

    *************************************************************************

  FILE NAME : D:\Usuário\Area De Trabalho\CEFETMG\JK\Quarto BIMESTER\Trabalho Final - Ana C - Gustavo G - Mateus G\Debug\Obj\BIBLIOTECA_TECLADO.r43
  PROGRAM MODULE, NAME : BIBLIOTECA_TECLADO

  SEGMENTS IN THE MODULE
  ======================
DATA16_AN
  Relative segment, address: 0028 - 0028 (0x1 bytes), align: 0
  Segment part 2. ROOT        Intra module refs:   FctTCL
           ENTRY                   ADDRESS         REF BY
           =====                   =======         ======
           _A_P2IN                 0028 
           LOCAL                   ADDRESS         
           =====                   =======         
           P2IN                    0028 
           P2IN_bit                0028 
    -------------------------------------------------------------------------
<CODE> 1 (was CODE)
  Relative segment, address: F7B2 - F821 (0x70 bytes), align: 1
  Segment part 6.
           ENTRY                   ADDRESS         REF BY
           =====                   =======         ======
           FctTCL                  F7B2            main (main)
    -------------------------------------------------------------------------
<CODE> 1 (was CODE)
  Relative segment, address: FA90 - FAAB (0x1c bytes), align: 1
  Segment part 7.             Intra module refs:   FctTCL
           LOCAL                   ADDRESS         
           =====                   =======         
           ?Subroutine0            FA90 

    *************************************************************************

  FILE NAME : D:\Usuário\Area De Trabalho\CEFETMG\JK\Quarto BIMESTER\Trabalho Final - Ana C - Gustavo G - Mateus G\Debug\Obj\main.r43
  PROGRAM MODULE, NAME : main

  SEGMENTS IN THE MODULE
  ======================
DATA16_AN
  Relative segment, address: 0120 - 0121 (0x2 bytes), align: 0
  Segment part 1. ROOT        Intra module refs:   main
           ENTRY                   ADDRESS         REF BY
           =====                   =======         ======
           _A_WDTCTL               0120 
           LOCAL                   ADDRESS         
           =====                   =======         
           WDTCTL                  0120 
           WDTCTL_bit              0120 
    -------------------------------------------------------------------------
DATA16_AN
  Relative segment, address: 0160 - 0161 (0x2 bytes), align: 0
  Segment part 4. ROOT        Intra module refs:   main
           ENTRY                   ADDRESS         REF BY
           =====                   =======         ======
           _A_TACTL                0160 
           LOCAL                   ADDRESS         
           =====                   =======         
           TACTL                   0160 
           TACTL_bit               0160 
    -------------------------------------------------------------------------
DATA16_AN
  Relative segment, address: 0162 - 0163 (0x2 bytes), align: 0
  Segment part 5. ROOT        Intra module refs:   SelModo
                                                   TrataTecla
                                                   main
           ENTRY                   ADDRESS         REF BY
           =====                   =======         ======
           _A_TACCTL0              0162 
           LOCAL                   ADDRESS         
           =====                   =======         
           TACCTL0                 0162 
           TACCTL0_bit             0162 
    -------------------------------------------------------------------------
DATA16_AN
  Relative segment, address: 0170 - 0171 (0x2 bytes), align: 0
  Segment part 6. ROOT        Intra module refs:   main
           ENTRY                   ADDRESS         REF BY
           =====                   =======         ======
           TAR                     0170 
    -------------------------------------------------------------------------
DATA16_AN
  Relative segment, address: 0172 - 0173 (0x2 bytes), align: 0
  Segment part 7. ROOT        Intra module refs:   main
           ENTRY                   ADDRESS         REF BY
           =====                   =======         ======
           TACCR0                  0172 
    -------------------------------------------------------------------------
DATA16_AN
  Relative segment, address: 0056 - 0056 (0x1 bytes), align: 0
  Segment part 8. ROOT        Intra module refs:   main
           ENTRY                   ADDRESS         REF BY
           =====                   =======         ======
           _A_DCOCTL               0056 
           LOCAL                   ADDRESS         
           =====                   =======         
           DCOCTL                  0056 
           DCOCTL_bit              0056 
    -------------------------------------------------------------------------
DATA16_AN
  Relative segment, address: 0057 - 0057 (0x1 bytes), align: 0
  Segment part 9. ROOT        Intra module refs:   main
           ENTRY                   ADDRESS         REF BY
           =====                   =======         ======
           _A_BCSCTL1              0057 
           LOCAL                   ADDRESS         
           =====                   =======         
           BCSCTL1                 0057 
           BCSCTL1_bit             0057 
    -------------------------------------------------------------------------
DATA16_Z
  Relative segment, address: 020C - 020D (0x2 bytes), align: 0
  Segment part 12.            Intra module refs:   ?Subroutine16
                                                   ?Subroutine17
                                                   ?Subroutine18
                                                   ?Subroutine31
                                                   ?Subroutine32
                                                   ?Subroutine33
                                                   ?Subroutine35
                                                   ?Subroutine36
                                                   TrataTecla
           ENTRY                   ADDRESS         REF BY
           =====                   =======         ======
           VetorTransforma         020C 
    -------------------------------------------------------------------------
DATA16_I
  Relative segment, address: 0200 - 0200 (0x1 bytes), align: 0
  Segment part 13.            Intra module refs:   BaseRelogio
                                                   ContaRLG
                                                   ImprimeRLG
                                                   SelModo
                                                   TrataTecla
           ENTRY                   ADDRESS         REF BY
           =====                   =======         ======
           AnoRLG                  0200 
    -------------------------------------------------------------------------
DATA16_I
  Relative segment, address: 0201 - 0201 (0x1 bytes), align: 0
  Segment part 15.            Intra module refs:   BaseRelogio
                                                   ContaRLG
                                                   ImprimeRLG
                                                   SelModo
                                                   TrataTecla
           ENTRY                   ADDRESS         REF BY
           =====                   =======         ======
           MesRLG                  0201 
    -------------------------------------------------------------------------
DATA16_I
  Relative segment, address: 0202 - 0202 (0x1 bytes), align: 0
  Segment part 17.            Intra module refs:   BaseRelogio
                                                   ContaRLG
                                                   ImprimeRLG
                                                   SelModo
                                                   TrataTecla
           ENTRY                   ADDRESS         REF BY
           =====                   =======         ======
           DiaRLG                  0202 
    -------------------------------------------------------------------------
DATA16_I
  Relative segment, address: 0203 - 0203 (0x1 bytes), align: 0
  Segment part 19.            Intra module refs:   BaseRelogio
                                                   ImprimeRLG
                                                   SelModo
                                                   TrataTecla
           ENTRY                   ADDRESS         REF BY
           =====                   =======         ======
           HoraRLG                 0203 
    -------------------------------------------------------------------------
DATA16_I
  Relative segment, address: 0204 - 0204 (0x1 bytes), align: 0
  Segment part 21.            Intra module refs:   BaseRelogio
                                                   ImprimeRLG
                                                   SelModo
                                                   TrataTecla
           ENTRY                   ADDRESS         REF BY
           =====                   =======         ======
           MinutoRLG               0204 
    -------------------------------------------------------------------------
DATA16_Z
  Relative segment, address: 020E - 020E (0x1 bytes), align: 0
  Segment part 23.            Intra module refs:   BaseRelogio
                                                   ImprimeRLG
                                                   TrataTecla
           ENTRY                   ADDRESS         REF BY
           =====                   =======         ======
           SegundosRLG             020E 
    -------------------------------------------------------------------------
DATA16_I
  Relative segment, address: 0205 - 0205 (0x1 bytes), align: 0
  Segment part 24.            Intra module refs:   ContaDES
                                                   ImprimeDES
                                                   SelModo
                                                   TrataTecla
           ENTRY                   ADDRESS         REF BY
           =====                   =======         ======
           AnoDES                  0205 
    -------------------------------------------------------------------------
DATA16_I
  Relative segment, address: 0206 - 0206 (0x1 bytes), align: 0
  Segment part 26.            Intra module refs:   ContaDES
                                                   ImprimeDES
                                                   SelModo
                                                   TrataTecla
           ENTRY                   ADDRESS         REF BY
           =====                   =======         ======
           MesDES                  0206 
    -------------------------------------------------------------------------
DATA16_I
  Relative segment, address: 0207 - 0207 (0x1 bytes), align: 0
  Segment part 28.            Intra module refs:   ContaDES
                                                   ImprimeDES
                                                   SelModo
                                                   TrataTecla
           ENTRY                   ADDRESS         REF BY
           =====                   =======         ======
           DiaDES                  0207 
    -------------------------------------------------------------------------
DATA16_I
  Relative segment, address: 0208 - 0208 (0x1 bytes), align: 0
  Segment part 30.            Intra module refs:   ImprimeDES
                                                   SelModo
                                                   TrataTecla
           ENTRY                   ADDRESS         REF BY
           =====                   =======         ======
           HoraDES                 0208 
    -------------------------------------------------------------------------
DATA16_I
  Relative segment, address: 0209 - 0209 (0x1 bytes), align: 0
  Segment part 32.            Intra module refs:   ImprimeDES
                                                   SelModo
                                                   TrataTecla
           ENTRY                   ADDRESS         REF BY
           =====                   =======         ======
           MinutoDES               0209 
    -------------------------------------------------------------------------
DATA16_Z
  Relative segment, address: 020F - 020F (0x1 bytes), align: 0
  Segment part 34.            Intra module refs:   ImprimeDES
                                                   TrataTecla
           ENTRY                   ADDRESS         REF BY
           =====                   =======         ======
           SegundosDES             020F 
    -------------------------------------------------------------------------
DATA16_Z
  Relative segment, address: 0210 - 0210 (0x1 bytes), align: 0
  Segment part 35.            Intra module refs:   ?Subroutine23
                                                   ?Subroutine27
                                                   BaseRelogio
                                                   SelModo
                                                   TrataTecla
           ENTRY                   ADDRESS         REF BY
           =====                   =======         ======
           SegundoAUX              0210 
    -------------------------------------------------------------------------
DATA16_Z
  Relative segment, address: 0211 - 0211 (0x1 bytes), align: 0
  Segment part 36.            Intra module refs:   ?Subroutine23
                                                   ?Subroutine27
                                                   SelModo
                                                   TrataTecla
           ENTRY                   ADDRESS         REF BY
           =====                   =======         ======
           MinutoAUX               0211 
    -------------------------------------------------------------------------
DATA16_Z
  Relative segment, address: 0212 - 0212 (0x1 bytes), align: 0
  Segment part 37.            Intra module refs:   ?Subroutine23
                                                   ?Subroutine27
                                                   SelModo
                                                   TrataTecla
           ENTRY                   ADDRESS         REF BY
           =====                   =======         ======
           HorasAUX                0212 
    -------------------------------------------------------------------------
DATA16_I
  Relative segment, address: 020A - 020A (0x1 bytes), align: 0
  Segment part 38.            Intra module refs:   ?Subroutine15
                                                   BaseRelogio
                                                   SelModo
                                                   TrataTecla
           ENTRY                   ADDRESS         REF BY
           =====                   =======         ======
           SelecionaModo           020A 
    -------------------------------------------------------------------------
DATA16_I
  Relative segment, address: 020B - 020B (0x1 bytes), align: 0
  Segment part 40.            Intra module refs:   ?Subroutine29
                                                   TrataTecla
           ENTRY                   ADDRESS         REF BY
           =====                   =======         ======
           Cursor                  020B 
    -------------------------------------------------------------------------
DATA16_Z
  Relative segment, address: 0213 - 0213 (0x1 bytes), align: 0
  Segment part 42.            Intra module refs:   ?Subroutine15
                                                   SelModo
                                                   TrataTecla
           ENTRY                   ADDRESS         REF BY
           =====                   =======         ======
           AnulaModo               0213 
    -------------------------------------------------------------------------
DATA16_Z
  Relative segment, address: 0214 - 0214 (0x1 bytes), align: 0
  Segment part 43.            Intra module refs:   SelModo
                                                   TrataTecla
           ENTRY                   ADDRESS         REF BY
           =====                   =======         ======
           VarHabDesp              0214 
    -------------------------------------------------------------------------
DATA16_Z
  Relative segment, address: 0215 - 0215 (0x1 bytes), align: 0
  Segment part 45.            Intra module refs:   TrataTecla
                                                   main
           ENTRY                   ADDRESS         REF BY
           =====                   =======         ======
           Tecla                   0215 
    -------------------------------------------------------------------------
DATA16_Z
  Relative segment, address: 0216 - 0216 (0x1 bytes), align: 0
  Segment part 46.            Intra module refs:   BaseRelogio
                                                   ContaRLG
                                                   TrataTecla
           ENTRY                   ADDRESS         REF BY
           =====                   =======         ======
           ValDia                  0216 
    -------------------------------------------------------------------------
DATA16_Z
  Relative segment, address: 0217 - 0217 (0x1 bytes), align: 0
  Segment part 47.            Intra module refs:   ContaDES
                                                   TrataTecla
           ENTRY                   ADDRESS         REF BY
           =====                   =======         ======
           ValDiaDES               0217 
    -------------------------------------------------------------------------
DATA16_Z
  Relative segment, address: 0218 - 0218 (0x1 bytes), align: 0
  Segment part 48.            Intra module refs:   ?Subroutine15
                                                   SelModo
                                                   TrataTecla
           ENTRY                   ADDRESS         REF BY
           =====                   =======         ======
           FlagPausa               0218 
    -------------------------------------------------------------------------
DATA16_Z
  Relative segment, address: 0219 - 0219 (0x1 bytes), align: 0
  Segment part 49.            Intra module refs:   ?Subroutine15
                                                   SelModo
                                                   TrataTecla
           ENTRY                   ADDRESS         REF BY
           =====                   =======         ======
           FlagZerar               0219 
    -------------------------------------------------------------------------
DATA16_Z
  Relative segment, address: 021A - 021A (0x1 bytes), align: 0
  Segment part 50.            Intra module refs:   SelModo
                                                   TrataTecla
           ENTRY                   ADDRESS         REF BY
           =====                   =======         ======
           FlagSalvamento          021A 
    -------------------------------------------------------------------------
DATA16_Z
  Relative segment, address: 021B - 021B (0x1 bytes), align: 0
  Segment part 51.            Intra module refs:   BaseRelogio
                                                   SelModo
           ENTRY                   ADDRESS         REF BY
           =====                   =======         ======
           FlagSecBaseT            021B 
    -------------------------------------------------------------------------
DATA16_Z
  Relative segment, address: 021C - 021C (0x1 bytes), align: 0
  Segment part 52.            Intra module refs:   SelModo
           ENTRY                   ADDRESS         REF BY
           =====                   =======         ======
           SegundoTEMP             021C 
    -------------------------------------------------------------------------
DATA16_Z
  Relative segment, address: 021D - 021D (0x1 bytes), align: 0
  Segment part 53.            Intra module refs:   SelModo
           ENTRY                   ADDRESS         REF BY
           =====                   =======         ======
           MinutoTEMP              021D 
    -------------------------------------------------------------------------
DATA16_Z
  Relative segment, address: 021E - 021E (0x1 bytes), align: 0
  Segment part 54.            Intra module refs:   SelModo
           ENTRY                   ADDRESS         REF BY
           =====                   =======         ======
           HorasTEMP               021E 
    -------------------------------------------------------------------------
DATA16_C
  Relative segment, address: F000 - F010 (0x11 bytes), align: 0
  Segment part 55.            Intra module refs:   SelModo
           ENTRY                   ADDRESS         REF BY
           =====                   =======         ======
           DadoSTR                 F000 
    -------------------------------------------------------------------------
DATA16_C
  Relative segment, address: F011 - F015 (0x5 bytes), align: 0
  Segment part 56.            Intra module refs:   main
           ENTRY                   ADDRESS         REF BY
           =====                   =======         ======
           TAB_L                   F011 
    -------------------------------------------------------------------------
DATA16_C
  Relative segment, address: F016 - F026 (0x11 bytes), align: 0
  Segment part 57.            Intra module refs:   main
           ENTRY                   ADDRESS         REF BY
           =====                   =======         ======
           TAB_T                   F016 
    -------------------------------------------------------------------------
<CODE> 1 (was CODE)
  Relative segment, address: F882 - F8DF (0x5e bytes), align: 1
  Segment part 97.
           ENTRY                   ADDRESS         REF BY
           =====                   =======         ======
           main                    F882            Segment part 19 (?cstart)
               calls direct
    -------------------------------------------------------------------------
<CODE> 1 (was CODE)
  Relative segment, address: F45C - F659 (0x1fe bytes), align: 1
  Segment part 88.            Intra module refs:   main
           ENTRY                   ADDRESS         REF BY
           =====                   =======         ======
           SelModo                 F45C 
               calls direct
    -------------------------------------------------------------------------
<CODE> 1 (was CODE)
  Relative segment, address: FC1A - FC27 (0xe bytes), align: 1
  Segment part 89.            Intra module refs:   SelModo
           LOCAL                   ADDRESS         
           =====                   =======         
           ?Subroutine27           FC1A 
    -------------------------------------------------------------------------
<CODE> 1 (was CODE)
  Relative segment, address: FA1E - FA45 (0x28 bytes), align: 1
  Segment part 90.            Intra module refs:   SelModo
           LOCAL                   ADDRESS         
           =====                   =======         
           ?Subroutine23           FA1E 
    -------------------------------------------------------------------------
<CODE> 1 (was CODE)
  Relative segment, address: FB7C - FB8D (0x12 bytes), align: 1
  Segment part 91.            Intra module refs:   SelModo
           LOCAL                   ADDRESS         
           =====                   =======         
           ?Subroutine15           FB7C 
    -------------------------------------------------------------------------
<CODE> 1 (was CODE)
  Relative segment, address: FC32 - FC3B (0xa bytes), align: 1
  Segment part 92.            Intra module refs:   SelModo
           LOCAL                   ADDRESS         
           =====                   =======         
           ?Subroutine8            FC32 
    -------------------------------------------------------------------------
<CODE> 1 (was CODE)
  Relative segment, address: FC72 - FC77 (0x6 bytes), align: 1
  Segment part 93.            Intra module refs:   SelModo
                                                   TrataTecla
           LOCAL                   ADDRESS         
           =====                   =======         
           ?Subroutine7            FC72 
    -------------------------------------------------------------------------
<CODE> 1 (was CODE)
  Relative segment, address: FC6A - FC71 (0x8 bytes), align: 1
  Segment part 94.            Intra module refs:   ?Subroutine1
                                                   ?Subroutine4
                                                   SelModo
           LOCAL                   ADDRESS         
           =====                   =======         
           ?Subroutine28           FC6A 
    -------------------------------------------------------------------------
<CODE> 1 (was CODE)
  Relative segment, address: FC62 - FC69 (0x8 bytes), align: 1
  Segment part 95.            Intra module refs:   ?Subroutine0
                                                   SelModo
           LOCAL                   ADDRESS         
           =====                   =======         
           ?Subroutine2            FC62 
    -------------------------------------------------------------------------
<CODE> 1 (was CODE)
  Relative segment, address: FBFE - FC0B (0xe bytes), align: 1
  Segment part 96.            Intra module refs:   ?Subroutine2
                                                   ?Subroutine3
           LOCAL                   ADDRESS         
           =====                   =======         
           ?Subroutine29           FBFE 
    -------------------------------------------------------------------------
<CODE> 1 (was CODE)
  Relative segment, address: F05C - F45B (0x400 bytes), align: 1
  Segment part 63.            Intra module refs:   main
           ENTRY                   ADDRESS         REF BY
           =====                   =======         ======
           TrataTecla              F05C 
               calls direct
    -------------------------------------------------------------------------
<CODE> 1 (was CODE)
  Relative segment, address: FC0C - FC19 (0xe bytes), align: 1
  Segment part 64.            Intra module refs:   ?Subroutine19
                                                   TrataTecla
           LOCAL                   ADDRESS         
           =====                   =======         
           ?Subroutine34           FC0C 
    -------------------------------------------------------------------------
<CODE> 1 (was CODE)
  Relative segment, address: FC5A - FC61 (0x8 bytes), align: 1
  Segment part 65.            Intra module refs:   TrataTecla
           LOCAL                   ADDRESS         
           =====                   =======         
           ?Subroutine21           FC5A 
    -------------------------------------------------------------------------
<CODE> 1 (was CODE)
  Relative segment, address: FC3C - FC45 (0xa bytes), align: 1
  Segment part 66.            Intra module refs:   TrataTecla
           LOCAL                   ADDRESS         
           =====                   =======         
           ?Subroutine19           FC3C 
    -------------------------------------------------------------------------
<CODE> 1 (was CODE)
  Relative segment, address: FB1E - FB21 (0x4 bytes), align: 1
  Segment part 67.            Intra module refs:   TrataTecla
           LOCAL                   ADDRESS         
           =====                   =======         
           ?Subroutine18           FB1E 
    -------------------------------------------------------------------------
<CODE> 1 (was CODE)
  Relative segment, address: FB22 - FB31 (0x10 bytes), align: 1
  Segment part 68.            Intra module refs:   ?Subroutine18
                                                   TrataTecla
           LOCAL                   ADDRESS         
           =====                   =======         
           ?Subroutine33           FB22 
    -------------------------------------------------------------------------
<CODE> 1 (was CODE)
  Relative segment, address: FC50 - FC59 (0xa bytes), align: 1
  Segment part 71.            Intra module refs:   ?Subroutine12
                                                   TrataTecla
           LOCAL                   ADDRESS         
           =====                   =======         
           ?Subroutine31           FC50 
    -------------------------------------------------------------------------
<CODE> 1 (was CODE)
  Relative segment, address: FB0A - FB1D (0x14 bytes), align: 1
  Segment part 72.            Intra module refs:   ?Subroutine11
                                                   TrataTecla
           LOCAL                   ADDRESS         
           =====                   =======         
           ?Subroutine30           FB0A 
    -------------------------------------------------------------------------
<CODE> 1 (was CODE)
  Relative segment, address: FBB0 - FBBF (0x10 bytes), align: 1
  Segment part 73.            Intra module refs:   ?Subroutine30
                                                   TrataTecla
           LOCAL                   ADDRESS         
           =====                   =======         
           ?Subroutine35           FBB0 
    -------------------------------------------------------------------------
<CODE> 1 (was CODE)
  Relative segment, address: FBF0 - FBFD (0xe bytes), align: 1
  Segment part 74.            Intra module refs:   ?Subroutine31
                                                   ?Subroutine35
           LOCAL                   ADDRESS         
           =====                   =======         
           ?Subroutine36           FBF0 
    -------------------------------------------------------------------------
<CODE> 1 (was CODE)
  Relative segment, address: FA46 - FA4D (0x8 bytes), align: 1
  Segment part 75.            Intra module refs:   TrataTecla
           LOCAL                   ADDRESS         
           =====                   =======         
           ?Subroutine12           FA46 
    -------------------------------------------------------------------------
<CODE> 1 (was CODE)
  Relative segment, address: FA4E - FA53 (0x6 bytes), align: 1
  Segment part 76.            Intra module refs:   ?Subroutine11
                                                   ?Subroutine12
           LOCAL                   ADDRESS         
           =====                   =======         
           ?Subroutine37           FA4E 
    -------------------------------------------------------------------------
<CODE> 1 (was CODE)
  Relative segment, address: FA54 - FA65 (0x12 bytes), align: 1
  Segment part 77.            Intra module refs:   ?Subroutine12
                                                   TrataTecla
           LOCAL                   ADDRESS         
           =====                   =======         
           ?Subroutine32           FA54 
    -------------------------------------------------------------------------
<CODE> 1 (was CODE)
  Relative segment, address: FA66 - FA6B (0x6 bytes), align: 1
  Segment part 78.            Intra module refs:   TrataTecla
           LOCAL                   ADDRESS         
           =====                   =======         
           ?Subroutine11           FA66 
    -------------------------------------------------------------------------
<CODE> 1 (was CODE)
  Relative segment, address: F9BE - F9EF (0x32 bytes), align: 1
  Segment part 84.            Intra module refs:   SelModo
                                                   main
           ENTRY                   ADDRESS         REF BY
           =====                   =======         ======
           ContaRLG                F9BE 
    -------------------------------------------------------------------------
<CODE> 1 (was CODE)
  Relative segment, address: FBA0 - FBAF (0x10 bytes), align: 1
  Segment part 85.            Intra module refs:   ContaDES
                                                   ContaRLG
           LOCAL                   ADDRESS         
           =====                   =======         
           ?Subroutine20           FBA0 
    -------------------------------------------------------------------------
<CODE> 1 (was CODE)
  Relative segment, address: FB58 - FB69 (0x12 bytes), align: 1
  Segment part 86.            Intra module refs:   ContaDES
                                                   ContaRLG
           LOCAL                   ADDRESS         
           =====                   =======         
           ?Subroutine10           FB58 
    -------------------------------------------------------------------------
<CODE> 1 (was CODE)
  Relative segment, address: F978 - F9BD (0x46 bytes), align: 1
  Segment part 87.            Intra module refs:   ContaDES
                                                   ContaRLG
           LOCAL                   ADDRESS         
           =====                   =======         
           ?Subroutine9            F978 
    -------------------------------------------------------------------------
<CODE> 1 (was CODE)
  Relative segment, address: F65A - F69B (0x42 bytes), align: 1
  Segment part 79.            Intra module refs:   SelModo
           ENTRY                   ADDRESS         REF BY
           =====                   =======         ======
           ImprimeDES              F65A 
               calls direct
    -------------------------------------------------------------------------
<CODE> 1 (was CODE)
  Relative segment, address: F69C - F6A5 (0xa bytes), align: 1
  Segment part 80.            Intra module refs:   ImprimeDES
                                                   ImprimeRLG
           LOCAL                   ADDRESS         
           =====                   =======         
           ?Subroutine0            F69C 
    -------------------------------------------------------------------------
<CODE> 1 (was CODE)
  Relative segment, address: F6A6 - F6D7 (0x32 bytes), align: 1
  Segment part 81.            Intra module refs:   SelModo
           ENTRY                   ADDRESS         REF BY
           =====                   =======         ======
           ContaDES                F6A6 
    -------------------------------------------------------------------------
<CODE> 1 (was CODE)
  Relative segment, address: F6D8 - F71B (0x44 bytes), align: 1
  Segment part 82.            Intra module refs:   SelModo
           ENTRY                   ADDRESS         REF BY
           =====                   =======         ======
           ImprimeRLG              F6D8 
               calls direct
    -------------------------------------------------------------------------
<CODE> 1 (was CODE)
  Relative segment, address: FBD0 - FBDF (0x10 bytes), align: 1
  Segment part 100.           Intra module refs:   main
           LOCAL                   ADDRESS         
           =====                   =======         
           ?Subroutine26           FBD0 
    -------------------------------------------------------------------------
<CODE> 1 (was CODE)
  Relative segment, address: FAC6 - FADD (0x18 bytes), align: 1
  Segment part 102.           Intra module refs:   main
           LOCAL                   ADDRESS         
           =====                   =======         
           ?Subroutine24           FAC6 
    -------------------------------------------------------------------------
<CODE> 1 (was CODE)
  Relative segment, address: FB6A - FB7B (0x12 bytes), align: 1
  Segment part 104.           Intra module refs:   main
           LOCAL                   ADDRESS         
           =====                   =======         
           ?Subroutine25           FB6A 
    -------------------------------------------------------------------------
<CODE> 1 (was CODE)
  Relative segment, address: FBC0 - FBCF (0x10 bytes), align: 1
  Segment part 83.            Intra module refs:   ImprimeDES
                                                   ImprimeRLG
           LOCAL                   ADDRESS         
           =====                   =======         
           ?Subroutine1            FBC0 
    -------------------------------------------------------------------------
<CODE> 1 (was CODE)
  Relative segment, address: F932 - F977 (0x46 bytes), align: 1
  Segment part 58.            Intra module refs:   SelModo
                                                   TrataTecla
                                                   main
           ENTRY                   ADDRESS         REF BY
           =====                   =======         ======
           ImprimeEstetica         F932 
               calls direct
    -------------------------------------------------------------------------
<CODE> 1 (was CODE)
  Relative segment, address: FC28 - FC31 (0xa bytes), align: 1
  Segment part 61.            Intra module refs:   ImprimeEstetica
                                                   ImprimeEsteticaAUX
           LOCAL                   ADDRESS         
           =====                   =======         
           ?Subroutine4            FC28 
    -------------------------------------------------------------------------
<CODE> 1 (was CODE)
  Relative segment, address: FC78 - FC7D (0x6 bytes), align: 1
  Segment part 62.            Intra module refs:   ImprimeEstetica
                                                   ImprimeEsteticaAUX
           LOCAL                   ADDRESS         
           =====                   =======         
           ?Subroutine3            FC78 
    -------------------------------------------------------------------------
<CODE> 1 (was CODE)
  Relative segment, address: FA6C - FA8F (0x24 bytes), align: 1
  Segment part 59.            Intra module refs:   TrataTecla
           ENTRY                   ADDRESS         REF BY
           =====                   =======         ======
           ImprimeEsteticaAUX      FA6C 
               calls direct
    -------------------------------------------------------------------------
<CODE> 1 (was CODE)
  Relative segment, address: FC46 - FC4F (0xa bytes), align: 1
  Segment part 60.            Intra module refs:   ImprimeEsteticaAUX
           LOCAL                   ADDRESS         
           =====                   =======         
           ?Subroutine6            FC46 
    -------------------------------------------------------------------------
<CODE> 1 (was CODE)
  Relative segment, address: F71C - F7B1 (0x96 bytes), align: 1
  Segment part 105.           Intra module refs:   BaseRelogio::??INTVEC 18
           ENTRY                   ADDRESS         REF BY
           =====                   =======         ======
           BaseRelogio             F71C 
               interrupt function
    -------------------------------------------------------------------------
INTVEC
  Common segment, address: FFE0 - FFF3 (0x14 bytes), align: 1
  Segment part 10. ROOT 
           ENTRY                   ADDRESS         REF BY
           =====                   =======         ======
           BaseRelogio::??INTVEC 18
                                   FFF2 
    -------------------------------------------------------------------------
DATA16_ID
  Relative segment, address: F028 - F028 (0x1 bytes), align: 0
  Segment part 14.            Intra module refs:   AnoRLG
    -------------------------------------------------------------------------
DATA16_ID
  Relative segment, address: F029 - F029 (0x1 bytes), align: 0
  Segment part 16.            Intra module refs:   MesRLG
    -------------------------------------------------------------------------
DATA16_ID
  Relative segment, address: F02A - F02A (0x1 bytes), align: 0
  Segment part 18.            Intra module refs:   DiaRLG
    -------------------------------------------------------------------------
DATA16_ID
  Relative segment, address: F02B - F02B (0x1 bytes), align: 0
  Segment part 20.            Intra module refs:   HoraRLG
    -------------------------------------------------------------------------
DATA16_ID
  Relative segment, address: F02C - F02C (0x1 bytes), align: 0
  Segment part 22.            Intra module refs:   MinutoRLG
    -------------------------------------------------------------------------
DATA16_ID
  Relative segment, address: F02D - F02D (0x1 bytes), align: 0
  Segment part 25.            Intra module refs:   AnoDES
    -------------------------------------------------------------------------
DATA16_ID
  Relative segment, address: F02E - F02E (0x1 bytes), align: 0
  Segment part 27.            Intra module refs:   MesDES
    -------------------------------------------------------------------------
DATA16_ID
  Relative segment, address: F02F - F02F (0x1 bytes), align: 0
  Segment part 29.            Intra module refs:   DiaDES
    -------------------------------------------------------------------------
DATA16_ID
  Relative segment, address: F030 - F030 (0x1 bytes), align: 0
  Segment part 31.            Intra module refs:   HoraDES
    -------------------------------------------------------------------------
DATA16_ID
  Relative segment, address: F031 - F031 (0x1 bytes), align: 0
  Segment part 33.            Intra module refs:   MinutoDES
    -------------------------------------------------------------------------
DATA16_ID
  Relative segment, address: F032 - F032 (0x1 bytes), align: 0
  Segment part 39.            Intra module refs:   SelecionaModo
    -------------------------------------------------------------------------
DATA16_ID
  Relative segment, address: F033 - F033 (0x1 bytes), align: 0
  Segment part 41.            Intra module refs:   Cursor
    -------------------------------------------------------------------------
<CODE> 1 (was CODE)
  Relative segment, address: FAAC - FAC5 (0x1a bytes), align: 1
  Segment part 69.            Intra module refs:   TrataTecla
           LOCAL                   ADDRESS         
           =====                   =======         
           ?Subroutine17           FAAC 
    -------------------------------------------------------------------------
<CODE> 1 (was CODE)
  Relative segment, address: FADE - FAF3 (0x16 bytes), align: 1
  Segment part 70.            Intra module refs:   TrataTecla
           LOCAL                   ADDRESS         
           =====                   =======         
           ?Subroutine16           FADE 

    *************************************************************************

  FILE NAME : C:\Program Files (x86)\IAR Systems\Embedded Workbench 8.4\430\lib\dlib\dl430fn.r43
  LIBRARY MODULE, NAME : ?__dbg_break

  SEGMENTS IN THE MODULE
  ======================
<CODE> 1 (was CODE)
  Relative segment, address: FC8E - FC8F (0x2 bytes), align: 1
  Segment part 2.
           ENTRY                   ADDRESS         REF BY
           =====                   =======         ======
           __DebugBreak            FC8E            __exit (?__exit)

    -------------------------------------------------------------------------
  LIBRARY MODULE, NAME : ?__exit

  SEGMENTS IN THE MODULE
  ======================
<CODE> 1 (was CODE)
  Relative segment, address: FB46 - FB57 (0x12 bytes), align: 1
  Segment part 2.
           ENTRY                   ADDRESS         REF BY
           =====                   =======         ======
           __exit                  FB46            Segment part 6 (?_exit)
                                                   _exit (?_exit)
               calls direct

    -------------------------------------------------------------------------
  LIBRARY MODULE, NAME : ?_exit

  SEGMENTS IN THE MODULE
  ======================
<CODE> 1 (was CODE)
  Relative segment, address: FC82, align: 1
  Segment part 0.
           ENTRY                   ADDRESS         REF BY
           =====                   =======         ======
           _exit                   FC82            exit (?exit)
    -------------------------------------------------------------------------
<CODE> 1 (was CODE)
  Relative segment, address: FC82 - FC85 (0x4 bytes), align: 1
  Segment part 6.             Intra module refs:   _exit

    -------------------------------------------------------------------------
  LIBRARY MODULE, NAME : ?cstart

  SEGMENTS IN THE MODULE
  ======================
CSTACK
  Relative segment, address: 02B0, align: 1
  Segment part 1.
    -------------------------------------------------------------------------
DATA16_Z
  Relative segment, address: 020C, align: 1
  Segment part 2.
    -------------------------------------------------------------------------
DATA16_I
  Relative segment, address: 0200, align: 1
  Segment part 3.
    -------------------------------------------------------------------------
DATA16_ID
  Relative segment, address: F028, align: 1
  Segment part 4.
    -------------------------------------------------------------------------
CSTART
  Relative segment, address: F034 - F037 (0x4 bytes), align: 1
  Segment part 9.
           ENTRY                   ADDRESS         REF BY
           =====                   =======         ======
           __program_start         F034            ?reset_vector (?reset_vector)
                                                   Absolute parts (?ABS_ENTRY_MOD)
           ?cstart_begin           F034 
    -------------------------------------------------------------------------
CSTART
  Relative segment, address: F038 - F043 (0xc bytes), align: 1
  Segment part 14.
           ENTRY                   ADDRESS         REF BY
           =====                   =======         ======
           ?cstart_init_zero       F038            AnulaModo (main)
                                                   FlagPausa (main)
                                                   FlagSalvamento (main)
                                                   FlagSecBaseT (main)
                                                   FlagZerar (main)
                                                   HorasAUX (main)
                                                   HorasTEMP (main)
                                                   MinutoAUX (main)
                                                   MinutoTEMP (main)
                                                   SegundoAUX (main)
                                                   SegundoTEMP (main)
                                                   SegundosDES (main)
                                                   SegundosRLG (main)
                                                   Tecla (main)
                                                   ValDia (main)
                                                   ValDiaDES (main)
                                                   VarHabDesp (main)
                                                   VetorTransforma (main)
    -------------------------------------------------------------------------
CSTART
  Relative segment, address: F044 - F053 (0x10 bytes), align: 1
  Segment part 15.
           ENTRY                   ADDRESS         REF BY
           =====                   =======         ======
           ?cstart_init_copy       F044            AnoDES (main)
                                                   AnoRLG (main)
                                                   Cursor (main)
                                                   DiaDES (main)
                                                   DiaRLG (main)
                                                   HoraDES (main)
                                                   HoraRLG (main)
                                                   MesDES (main)
                                                   MesRLG (main)
                                                   MinutoDES (main)
                                                   MinutoRLG (main)
                                                   SelecionaModo (main)
    -------------------------------------------------------------------------
CSTART
  Relative segment, address: F054 - F05B (0x8 bytes), align: 1
  Segment part 19.            Intra module refs:   Segment part 9
           ENTRY                   ADDRESS         REF BY
           =====                   =======         ======
           ?cstart_call_main       F054 
           ?cstart_end             F05C 

    -------------------------------------------------------------------------
  LIBRARY MODULE, NAME : ?reset_vector

  SEGMENTS IN THE MODULE
  ======================
RESET
  Relative segment, address: FFFE - FFFF (0x2 bytes), align: 1
  Segment part 0.
           ENTRY                   ADDRESS         REF BY
           =====                   =======         ======
           ?reset_vector           FFFE            Segment part 9 (?cstart)

    -------------------------------------------------------------------------
  LIBRARY MODULE, NAME : ?exit

  SEGMENTS IN THE MODULE
  ======================
<CODE> 1 (was CODE)
  Relative segment, address: FC7E - FC81 (0x4 bytes), align: 1
  Segment part 2.
           ENTRY                   ADDRESS         REF BY
           =====                   =======         ======
           exit                    FC7E            Segment part 19 (?cstart)
               calls direct

    -------------------------------------------------------------------------
  LIBRARY MODULE, NAME : ?memcpy

  SEGMENTS IN THE MODULE
  ======================
<CODE> 1 (was CODE)
  Relative segment, address: FB8E - FB9F (0x12 bytes), align: 1
  Segment part 2.
           ENTRY                   ADDRESS         REF BY
           =====                   =======         ======
           memcpy                  FB8E            __data16_memcpy (?memzero)

    -------------------------------------------------------------------------
  LIBRARY MODULE, NAME : ?memzero

  SEGMENTS IN THE MODULE
  ======================
<CODE> 1 (was CODE)
  Relative segment, address: FBE0 - FBEF (0x10 bytes), align: 1
  Segment part 2.
           ENTRY                   ADDRESS         REF BY
           =====                   =======         ======
           __data16_memzero        FBE0            ?cstart_init_zero (?cstart)
    -------------------------------------------------------------------------
<CODE> 1 (was CODE)
  Relative segment, address: FC8A - FC8D (0x4 bytes), align: 1
  Segment part 3.
           ENTRY                   ADDRESS         REF BY
           =====                   =======         ======
           __data16_memcpy         FC8A            ?cstart_init_copy (?cstart)
               calls direct




                ****************************************
                *                                      *
                *      SEGMENTS IN ADDRESS ORDER       *
                *                                      *
                ****************************************


SEGMENT              SPACE    START ADDRESS   END ADDRESS     SIZE  TYPE  ALIGN
=======              =====    =============   ===========     ====  ====  =====
DATA16_AN                              0021 - 0022               2   rel    0
                                       0028 - 002A               3 
                                       0056 - 0057               2 
                                       0120 - 0121               2 
                                       0160 - 0163               4 
                                       0170 - 0173               4 
DATA16_I                               0200 - 020B               C   rel    1
DATA16_Z                               020C - 021E              13   rel    1
CSTACK                                 02B0 - 02FF              50   rel    1
DATA16_C                               F000 - F026              27   rel    0
DATA16_ID                              F028 - F033               C   rel    1
CSTART                                 F034 - F05B              28   rel    1
<CODE> 1                               F05C - FC8F             C34   rel    1
INTVEC                                 FFE0 - FFF3              14   com    1
RESET                                  FFFE - FFFF               2   rel    1

                ****************************************
                *                                      *
                *        END OF CROSS REFERENCE        *
                *                                      *
                ****************************************

 3 186 bytes of CODE  memory
   111 bytes of DATA  memory (+ 17 absolute )
    51 bytes of CONST memory

Errors: none
Warnings: none

